Informações detalhadas de cada uma das interfaces de rede
###############################################################################
# iptraf-ng




Monitorando detalhes da Stack de rede no Linux
###############################################################################
[root@nuope08-trf1 ~]# yum install sysstat
[root@nuope08-trf1 ~]# sar -n DEV  1
Linux 3.10.0-1127.13.1.el7.x86_64 (nuope08-trf1.trf1.gov.br)    24-07-2020      _x86_64_        (8 CPU)

13:56:31        IFACE   rxpck/s   txpck/s    rxkB/s    txkB/s   rxcmp/s   txcmp/s  rxmcst/s
13:56:32     enp1s0f0   6611,00   5771,00   5933,09   4977,89      0,00      0,00      0,00
13:56:32           lo      0,00      0,00      0,00      0,00      0,00      0,00      0,00

13:56:32        IFACE   rxpck/s   txpck/s    rxkB/s    txkB/s   rxcmp/s   txcmp/s  rxmcst/s
13:56:33     enp1s0f0   4070,00   3824,00   2701,27   4080,58      0,00      0,00      2,00
13:56:33           lo      0,00      0,00      0,00      0,00      0,00      0,00      0,00

13:56:33        IFACE   rxpck/s   txpck/s    rxkB/s    txkB/s   rxcmp/s   txcmp/s  rxmcst/s
13:56:34     enp1s0f0      8,00      1,00      0,47      0,15      0,00      0,00      0,00
13:56:34           lo      0,00      0,00      0,00      0,00      0,00      0,00      0,00

13:56:34        IFACE   rxpck/s   txpck/s    rxkB/s    txkB/s   rxcmp/s   txcmp/s  rxmcst/s
13:56:35     enp1s0f0   2886,00   2478,00   2911,07   1958,88      0,00      0,00      2,00
13:56:35           lo      0,00      0,00      0,00      0,00      0,00      0,00      0,00




Monitoramento de banda de rede
###############################################################################
[root@nuope08-trf1 ~]# iftop -i enp1s0f0
                                     19,1Mb                                38,1Mb                                57,2Mb                                76,3Mb                          95,4Mb
└────────────────────────────────────┴─────────────────────────────────────┴─────────────────────────────────────┴─────────────────────────────────────┴─────────────────────────────────────
nuope08-trf1.trf1.gov.br                                                         => fsc01-trf1.trf1.gov.br                                                             460Kb   634Kb   739Kb
                                                                                 <=                                                                                   19,1Mb  25,8Mb  28,8Mb
nuope08-trf1.trf1.gov.br                                                         => 164.41.91.132                                                                     17,1Mb  23,7Mb  26,0Mb
                                                                                 <=                                                                                    316Kb   443Kb   492Kb
nuope08-trf1.trf1.gov.br                                                         => setel05-trf1.trf1.gov.br                                                          3,00Kb  2,59Kb  2,51Kb
                                                                                 <=                                                                                   1,07Kb   918b    475b
nuope08-trf1.trf1.gov.br                                                         => srvdc5-trf1.trf1.gov.br                                                            284b    746b   1,02Kb
                                                                                 <=                                                                                    596b   1,24Kb  1,73Kb
224.0.0.252                                                                      => dieng73-trf1.trf1.gov.br                                                             0b      0b      0b
                                                                                 <=                                                                                      0b    316b    203b
224.0.0.251                                                                      => dieng73-trf1.trf1.gov.br                                                             0b      0b      0b
                                                                                 <=                                                                                      0b    288b    169b
255.255.255.255                                                                  => gateway                                                                              0b      0b      0b
                                                                                 <=                                                                                   1,32Kb   270b    159b
255.255.255.255                                                                  => dieng35-trf1.trf1.gov.br                                                             0b      0b      0b
                                                                                 <=                                                                                   1,28Kb   262b     77b
─────────────────────────────────────────────────────────────────────────────────────────────────────────────────────────────────────────────────────────────────────────────────────────────
TX:             cum:    114MB   peak:   48,1Mb                                                                                                               rates:   17,6Mb  24,3Mb  26,7Mb
RX:                     124MB           50,1Mb                                                                                                                        19,4Mb  26,2Mb  29,3Mb
TOTAL:                  238MB           98,2Mb                                                                                                                        37,0Mb  50,5Mb  56,0Mb




Monitoramento 'visual' de banda de diferentes interfaces de rede
###############################################################################
[root@nuope08-trf1 ~]# bmon -p enp1*
 enp1s0f0                                                                                                                                                                           bmon 3.6
Interfaces                     � RX bps       pps     %� TX bps       pps     %
 ?enp1s0f0                     �   8.08MiB   8.89K     �   7.59MiB   8.54K
---------------------------------------------------------------------------------------------------------------------------------------------------------------------------------------------
     MiB                      (RX Bytes/second)                                                    MiB                      (TX Bytes/second)
    9.76 .........|...........|.................|....................                             9.92 .....................|.................|....................
    8.14 |........|...........|.................|.|...............|..                             8.26 |....................|.................|.|..................
    6.51 ||....|.||...|...|...|.....||.......|..|.||........|..|..|..                             6.61 |.......||...|...|...|......|..........|.|.........|.....|..
    4.88 ||....|.|||.|||.||...|....|||.|..|.||..||||.|....|||.||.||..                             4.96 ||....|.|||.|||.||...|....|||.|..|.||..||||......|||.||.||..
    3.25 ||..|.|||||.|||.|||..||.|.|||.|.||.||.|||||.|..|.|||.||.||..                             3.31 ||....|||||.|||.|||..||...|||.|.||.||.|||||.|..|.|||.||.||..
    1.63 |||:|||||||:|||:|||::|||||||||||||:||:|||||:||:|||||:||:||:|                             1.65 |||:|||||||:|||:|||::||||||||||:||:||:|||||:||:|||||:||:||::
         1   5   10   15   20   25   30   35   40   45   50   55   60                                  1   5   10   15   20   25   30   35   40   45   50   55   60




---------------------------------------------------------------------------------------------------------------------------------------------------------------------------------------------
                      RX          TX   �                      RX          TX   �                      RX          TX   �                      RX          TX
 Bytes            928.31GiB   835.45GiB� Packets            1.04G     976.05M  � Abort Error           -           0   � Carrier Error         -           0
 Collisions            -           0   � Compressed            0           0   � CRC Error             0           -   � Dropped          287.76K          0
 Errors                0           0   � FIFO Error            0           0   � Frame Error           0           -   � Heartbeat Erro        -           0
 ICMPv6              199          10   � ICMPv6 Errors         0           0   � Ip6 Address Er        0           -   � Ip6 Broadcast         0           0
 Ip6 Broadcast         0           0   � Ip6 Delivers        199           -   � Ip6 Forwarded         -           0   � Ip6 Header Err        0           -
 Ip6 Multicast    224.04KiB     1.10KiB� Ip6 Multicast      3.19K         16   � Ip6 No Route          0           0   � Ip6 Reasm/Frag        0           0
 Ip6 Reasm/Frag        0           0   � Ip6 Reasm/Frag        0           0   � Ip6 Reassembly        0           -   � Ip6 Too Big Er        0           -
 Ip6 Truncated         0           -   � Ip6 Unknown Pr        0           -   � Ip6Discards           0           0   � Ip6Octets        224.04KiB      672B
 Ip6Pkts            3.19K         10   � Length Error          0           -   � Missed Error          0           -   � Multicast             -        1.36M
 Over Error            0           -   � Window Error          -           0   �                                       �
------------------------------------------------------------------------- Press i to enable additional information --------------------------------------------------------------------------
 Fri Jul 24 13:09:23 2020                                                                                                                                                   Press ? for help




Monitoramento 'visual' de uso de banda com separação de consumo por processo
###############################################################################
[root@nuope08-trf1 ~]# nethogs
NetHogs version 0.8.5

    PID USER     PROGRAM                                                                                                                                 DEV        SENT      RECEIVED
      ? root     172.16.60.124:58212-172.16.0.124:445                                                                                                              111.571    3837.186 KB/sec
  17962 tr3010.. ssh                                                                                                                                     enp1s0   3412.236      77.461 KB/sec
   7951 tr3010.. sshd: tr301005@pts/2                                                                                                                    enp1s0      0.173       0.088 KB/sec
      ? root     172.16.60.124:45378-172.16.3.4:88                                                                                                                   0.000       0.000 KB/sec
      ? root     172.16.60.124:45376-172.16.3.4:88                                                                                                                   0.000       0.000 KB/sec
      ? root     172.16.60.124:45374-172.16.3.4:88                                                                                                                   0.000       0.000 KB/sec
      ? root     172.16.60.124:45706-172.16.3.4:445                                                                                                                  0.000       0.000 KB/sec
      ? root     172.16.60.124:45370-172.16.3.4:88                                                                                                                   0.000       0.000 KB/sec
      ? root     172.16.60.124:45368-172.16.3.4:88                                                                                                                   0.000       0.000 KB/sec
      ? root     172.16.60.124:45366-172.16.3.4:88                                                                                                                   0.000       0.000 KB/sec
  23842 root     /usr/libexec/sssd/gpo_child                                                                                                             enp1s0      0.000       0.000 KB/sec
  23686 root     /usr/libexec/sssd/sssd_be                                                                                                               enp1s0      0.000       0.000 KB/sec
      ? root     unknown TCP                                                                                                                                         0.000       0.000 KB/sec

  TOTAL                                                                                                                                                           3523.979    3914.735 KB/sec




Monitoramento 'visual' de banda com separação de Incoming e Outgoing
###############################################################################
[root@nuope08-trf1 ~]# nload
Device enp1s0f0 [172.16.60.124] (1/2):
==================================================================================================================================================
Incoming:
### ###     ## ###     ######  #### #### ####  ## ### ####### #### #############  ###  # ###  ##  ##  |  ###   ####  ###   ##
### ###     ## ###     ######  #### #### ####  ## ### ####### #### #############  ###  # ###  ##  ##  #  ###   ####  ###   ##
### ###     ## ###     ######  #### #### ####  ## ### ####### #### #############  ### .# ###  ##  ##  #  ###   #### .###   ##
### ###     ## ###     ######  #### #### ####  ##.### ####### #### #############  ### ## ###  ##  ##  #  ###   ####.####   ##
### ###     ## ###     ######  #### #### ####  ###### ####### #### #############  ### ## ###  ##  ##  #  ###   #########   ##
### ###     ## ###     ######  #### #### #### .###### ####### #### #############  ### ## ###  ##  ##  #  ###   #########   ##
### ###     ## ###     ######  #### #### #### ####### ####### #### #############  ### ## ###  ##  ##  # .####  #########   ##
### ###     ## ###  #. ######  #### #### #### ####### ####### #### #############  ### ## ###  ##  ## |# #####  #########   ##
### ###     ## ###  ## ######  #### #### #### ####### ####### #### #############| ### ## ###  ##  ## ## #####  #########   ##
### ###  ## ## ###  ## ######  #### #### #### ####### ####### #### ############## ### ## ###  ##  ## ## #####  #########   ##
### ###  ## ## ###  ## ######  #### #### #### ####### ####### #### ############## ### ## ###  ##  ## ## #####  #########   ##
### ###  ## ## ###  ## ######  #### #### #### ####### ####### #### ############## ### ## ###  ## .## ## #####  #########   ##
### ###  ## ## #### ## ######  #### #### #### ####### ####### #### ################## ## ###  ## ### ## ##### .#########   ##
### ###  ## ## #### ## ####### #### #### #### ####### ####### #### ################## ## ###  ## ### ## ##### ##########   ##
### ###  ## ## #### ## ####### #### #### #### ####### ####### #### ################## ## ###  ## ### ## ##### ##########   ##
### ###  ## ## #### ## ####### #### #### #### ####### ####### ####|################## ## ###  ## ### ## ##### ##########   ##
### ###  ## ## #### ## ####### #### #### #### ####### ####### ####################### ##|###  ## ### ## ##### ##########   ##|
### ###  ## ## #### ## ####### #### #### #### ####### ####### ####################### ######  ## ### ## ##### ##########   ###
### ###  ## ## #### ## ####### #### #### #### ####### ####### ####################### ######  ## ### ## ##### ##########   ###
### ###  ## ## #### ## ####### #### #### #### #######|####### ####################### ######  ##.### ## #####|##########   ###
### ###  ## ## #### ## ####### #### #### #### ############### ####################### ######  ###### ###################   ###
### #### ## ## #### ## ####### #### #### #### ####################################### ######  ###### ###################   ###
### #### ## ## #### ## ####### #### #### #### ####################################### ######  ###### ###################   ###  Curr: 4.05 MBit/s
### #### ## ## #### ## ####### #### #### #### ####################################### ######  ###### ###################   ###  Avg: 23.32 MBit/s
### #### ## ## #### ## ####### #### #### #### ####################################### ######  ###### ###################   ###  Min: 10.37 kBit/s
### #### ## ## #### ## ####### #### #### ####|####################################### ######  ###### ###################.  ###  Max: 81.74 MBit/s
### #### ## ## ####|## #######.####.####.############################################ ######  ###### ####################  ###  Ttl: 929.61 GByte
Outgoing:
### ###        ###     ######  #### #### ####  ## ### ####### #### ############# #### ## ###  ##  #  ##  ##### #########
### ###        ###     ######  #### #### ####  ## ### ####### #### ############# #### ## ###  ##  #  ## .##### #########
### ###        ###  #  ######. #### #### ####  ## ### ####### #### ############# #### ## ###  ##  #  ## ###### #########
### ###     .. ###  #  ####### #### #### ####  ##.### ####### #### ############# #### ## ###  ##  ## ## ###### #########
### ###     ## ###  #  ####### #### #### ####  ###### ####### #### #############|#### ## ###  ##  ## ## ###### #########
### ###     ## ###  #. ####### #### #### ####  ###### ####### ####.################## ## ###  ##  ## ## ###### #########
### ###     ## ###  ## ####### #### #### #### .###### ####### ####################### ## ###  ##  ## ## ###### #########
### ###     ## ###  ## ####### #### #### #### ####### ####### ####################### ## ###  ##  ## ## ###### #########
### ###     ## ###  ## ####### #### #### #### ####### ####### ####################### ## ###  ##  ## ## ###### #########
### ###     ## ###  ## ####### #### #### #### ####### ####### ####################### ## ###  ##  ## ## ###### #########
### ###  || ## ###  ## ####### #### #### #### ####### ####### ####################### ## ###  ##  ## ## ################
### ###  ## ## ###  ## ####### #### ####|#### ####### ####### ####################### ## ###  ##| ## ## ################
### ###  ## ## ###  ## ####### #### ######### ####### ####### ####################### ## ###  ### ## ## ################   .|
### ###  ## ## ###  ## ####### #### ######### ####### ####### ####################### ## ###  ### ## ## ################   ##
### ###  ## ## ###  ## ####### ############## ####### ####### ####################### ## ###  ### ## ## ################   ##
### ###  ## ## ###  ## ####### ############## ####### ####### ####################### ## ###  ###.## ## ################   ##
### ###  ## ## ###  ## ####### ############## ####### ####### ####################### ## ###  ###### ## ################   ##
### ###  ## ## ###  ## ####### ############## ####### ####### ####################### ## ###  ###### ## ################   ##
### ###  ## ## ###  ## ####### ############## ####### ####### ####################### ## ###  ###### ## ################   ##
### ###  ## ## #### ## ####### ############## #######.####### ####################### ## ###  ###### ## ################   ##
### ###  ## ## #### ## ####### ############## ############### ####################### ## ###  ###### ## ################   ##
### ###  ## ## #### ## ####### ############## ############### ####################### ## ###  ###### ## ################   ##
### ###  ## ## #### ## ####### ############## ############### ####################### ## ###  ###### ## ################   ##
### ###  ## ## #### ## ####### ############## ####################################### ## ###  ###### ## ################   ##   Curr: 129.79 kBit/s
### ###  ## ## ####### ####### ############## ####################################### ## ###  ###### ## ################   ##   Avg: 21.03 MBit/s
### ###  ## ## ####### ####### ############## ####################################### ##.###  ###### ## ################   ##   Min: 4.55 kBit/s
### ###  ## ##|####### #######.############## ####################################### ######  ###### ## ################   ##   Max: 69.60 MBit/s
### ###  ## ########## ###################### ####################################### ######  ###### ## ################   ##.  Ttl: 836.61 GByte
